
> supertime@0.1.0 build
> next build

▲ Next.js 16.1.4 (Turbopack)
- Environments: .env.local

  Creating an optimized production build ...
✓ Compiled successfully in 106s
  Running TypeScript ...
Failed to compile.

./agora-app-builder/supertimeprod/agora-rn-uikit/src/Contexts/DispatchContext.tsx:6:24
Type error: Type 'CallbacksInterface[T]' does not satisfy the constraint '(...args: any) => any'.
  Type '((connection: RtcConnection, remoteUid: number, elapsed: number) => void) | ((connection: RtcConnection, remoteUid: number, reason: UserOfflineReasonType) => void) | ... 20 more ... | undefined' is not assignable to type '(...args: any) => any'.
    Type 'undefined' is not assignable to type '(...args: any) => any'.

[0m [90m 4 |[39m [36mexport[39m type [33mDispatchType[39m [33m=[39m [33m<[39m
 [90m 5 |[39m   [33mT[39m [36mextends[39m keyof [33mCallbacksInterface[39m[33m,[39m
[31m[1m>[22m[39m[90m 6 |[39m   [33mV[39m [36mextends[39m [33mParameters[39m[33m<[39m[33mCallbacksInterface[39m[[33mT[39m][33m>[39m[33m,[39m
 [90m   |[39m                        [31m[1m^[22m[39m
 [90m 7 |[39m [33m>[39m(action[33m:[39m {
 [90m 8 |[39m   type[33m:[39m [33mT[39m[33m;[39m
 [90m 9 |[39m   value[33m:[39m [33mV[39m[33m;[39m[0m
Next.js build worker exited with code: 1 and signal: null
